84	Bac. AvesoBmore
39	Bac. B4
7	Bac. B5S
36	Bac. Bastille
60	Bac. Bcp1
38	Bac. BCP78
80	Bac. BCP8-2
8	Bac. BCU4
53	Bac. BigBertha
72	Bac. Bobb
92	Bac. Bp8p-C
17	Bac. Bp8p-T
58	Bac. BPS10C
37	Bac. BPS13
65	Bac. CAM003
51	Bac. CampHawk
45	Bac. cereus vB_BceM_Bc431v3
75	Bac. CP-51
62	Bac. Evoli
86	Bac. Eyuki
54	Bac. Grass
64	Bac. Hakuna
61	Bac. Hoody T
79	Bac. JBP901
88	Bac. JL
81	Bac. Mater
63	Bac. Megatron
82	Bac. Moonbeam
43	Bac. phiAGATE
48	Bac. phiNIT1
71	Bac. Riley
89	Bac. Shanette
15	Bac. SIOphi partial genome
93	Bac. SPG24
32	Bac. SPO1
52	Bac. Spock
49	Bac. Troll
85	Bac. TsarBomba
35	Bac. W Ph
34	Bro. A9
78	Ent. ECP3
90	Ent. EFDG1
91	Ent. EFLK1
31	Ent. phiEF24C
1	Ent. phiEF24C-P2
33	Lac. Lb338-1
27	Lac. LP65
30	Lis. A511
68	Lis. List-36
67	Lis. LMSP-25
70	Lis. LMTA-148
20	Lis. LMTA-34
22	Lis. LMTA-57
21	Lis. LMTA-94
66	Lis. LP-048
18	Lis. LP-064
69	Lis. LP-083-2
19	Lis. LP-124
47	Lis. LP-125
4	Lis. P100
44	Lis. vB_LmoM_AG20
77	Lis. WIL-1
2	Sta. 676Z
10	Sta. A3R
5	Sta. A5W
11	Sta. Fi200W
29	Sta. G1
40	Sta. GH15
23	Sta. IME-SA1
25	Sta. IME-SA118
26	Sta. IME-SA119
24	Sta. IME-SA2
6	Sta. ISP
42	Sta. JD007
3	Sta. K
73	Sta. MCE-2014
12	Sta. MSA6
76	Sta. P108
13	Sta. P4W
16	Sta. phiIBB-SEP1
87	Sta. phiIPLA-C1C
83	Sta. phiIPLA-RODI
59	Sta. phiSA012
56	Sta. S25-3
55	Sta. S25-4
41	Sta. SA11
14	Sta. SA5
57	Sta. Sb-1
9	Sta. Staph1N
74	Sta. Team1
28	Sta. Twort
50	Sta. vB_SauM_Remus
46	Sta. vB_SauM_Romulus
