84	Bac. AvesoBmorei
39	Bac. B4i
7	Bac. B5Si
36	Bac. Bastillei
60	Bac. Bcp1i
38	Bac. BCP78i
80	Bac. BCP8-2i
8	Bac. BCU4i
53	Bac. BigBerthai
72	Bac. Bobbi
92	Bac. Bp8p-Ci
17	Bac. Bp8p-Ti
58	Bac. BPS10Ci
37	Bac. BPS13i
65	Bac. CAM003i
51	Bac. CampHawki
45	Bac. cereus vB_BceM_Bc431v3i
75	Bac. CP-51i
62	Bac. Evolii
86	Bac. Eyukii
54	Bac. Grassi
64	Bac. Hakunai
61	Bac. Hoody Ti
79	Bac. JBP901i
88	Bac. JLi
81	Bac. Materi
63	Bac. Megatroni
82	Bac. Moonbeami
43	Bac. phiAGATEi
48	Bac. phiNIT1 DNAi
71	Bac. Rileyi
89	Bac. Shanettei
15	Bac. SIOphi partial genome
93	Bac. SPG24
32	Bac. SPO1i
52	Bac. Spocki
49	Bac. Trolli
85	Bac. TsarBombai
35	Bac. W Ph i
34	Bro. A9i
78	Ent. ECP3i
90	Ent. EFDG1i
91	Ent. EFLK1i
1	Ent. phiEF24C-P2 DNAi
31	Ent. phiEF24Ci
33	Lac. Lb338-1i
27	Lac. LP65i
30	Lis. A511i
68	Lis. List-36i
67	Lis. LMSP-25i
70	Lis. LMTA-148i
20	Lis. LMTA-34i
22	Lis. LMTA-57i
21	Lis. LMTA-94i
66	Lis. LP-048i
18	Lis. LP-064i
69	Lis. LP-083-2i
19	Lis. LP-124i
47	Lis. LP-125i
4	Lis. P100i
44	Lis. vB_LmoM_AG20i
77	Lis. WIL-1i
2	Sta. 676Zi
10	Sta. A3Ri
5	Sta. A5Wi
11	Sta. Fi200Wi
29	Sta. G1i
40	Sta. GH15i
25	Sta. IME-SA118i
26	Sta. IME-SA119i
23	Sta. IME-SA1i
24	Sta. IME-SA2i
6	Sta. ISPi
42	Sta. JD007i
3	Sta. Ki
73	Sta. MCE-2014i
12	Sta. MSA6i
76	Sta. P108i
13	Sta. P4Wi
16	Sta. phiIBB-SEP1i
87	Sta. phiIPLA-C1Ci
83	Sta. phiIPLA-RODIi
59	Sta. phiSA012 DNAi
56	Sta. S25-3 DNAi
55	Sta. S25-4 DNAi
41	Sta. SA11i
14	Sta. SA5i
57	Sta. Sb-1i
9	Sta. Staph1Ni
74	Sta. Team1i
28	Sta. Tworti
50	Sta. vB_SauM_Remusi
46	Sta. vB_SauM_Romulusi
